C:\Users\User\eclipse-workspace\akash\Function22Funn\src\main\java\genric\FileLib.java
C:\Users\User\eclipse-workspace\akash\Function22Funn\src\main\java\pom\InfoLinks.java
C:\Users\User\eclipse-workspace\akash\Function22Funn\src\main\java\pom\BetHistoryModule.java
C:\Users\User\eclipse-workspace\akash\Function22Funn\src\main\java\pom\SecurityCenterModule.java
C:\Users\User\eclipse-workspace\akash\Function22Funn\src\main\java\pom\HomePagee.java
C:\Users\User\eclipse-workspace\akash\Function22Funn\src\main\java\pom\LoginModule.java
C:\Users\User\eclipse-workspace\akash\Function22Funn\src\main\java\genric\BaseClass2.java
C:\Users\User\eclipse-workspace\akash\Function22Funn\src\main\java\pom\SignUpModule.java
C:\Users\User\eclipse-workspace\akash\Function22Funn\src\main\java\genric\BaseClass.java
C:\Users\User\eclipse-workspace\akash\Function22Funn\src\main\java\pom\BankDetailsModule.java
C:\Users\User\eclipse-workspace\akash\Function22Funn\src\main\java\pom\walletModule.java
C:\Users\User\eclipse-workspace\akash\Function22Funn\src\main\java\pom\MyAccountModule.java
