C:\Users\User\eclipse-workspace\akash\Function22Funn\src\test\java\functionality\LoginFunctionality.java
C:\Users\User\eclipse-workspace\akash\Function22Funn\src\test\java\integration\HomePageTest.java
C:\Users\User\eclipse-workspace\akash\Function22Funn\src\test\java\integration\ProvidersRedirecting.java
C:\Users\User\eclipse-workspace\akash\Function22Funn\src\test\java\integration\Sample.java
C:\Users\User\eclipse-workspace\akash\Function22Funn\src\test\java\functionality\SignUppModule.java
C:\Users\User\eclipse-workspace\akash\Function22Funn\src\test\java\integration\SecurityCenter.java
C:\Users\User\eclipse-workspace\akash\Function22Funn\src\test\java\functionality\BetHistory.java
C:\Users\User\eclipse-workspace\akash\Function22Funn\src\test\java\integration\InfoTest.java
C:\Users\User\eclipse-workspace\akash\Function22Funn\src\test\java\integration\TitleTest.java
C:\Users\User\eclipse-workspace\akash\Function22Funn\src\test\java\functionality\BankDetails.java
C:\Users\User\eclipse-workspace\akash\Function22Funn\src\test\java\integration\MyProfileLink.java
C:\Users\User\eclipse-workspace\akash\Function22Funn\src\test\java\functionality\Wallet.java
